{
  "isArray": {
    "apiArray": false,
    "apiDate": false,
    "apiMath": false,
    "apiNumber": false,
    "apiObject": false,
    "apiString": false,
    "classFoobar": false,
    "functionArrow": false,
    "functionNormal": false,
    "instanceArray": true,
    "instanceAsync": false,
    "instanceDate": false,
    "instanceFoobar": false,
    "instanceMap": false,
    "instancePromise": false,
    "instanceSet": false,
    "object": false,
    "object.null": false,
    "primitives.bigint": false,
    "primitives.boolean.false": false,
    "primitives.boolean.true": false,
    "primitives.number": false,
    "primitives.number.NEGATIVE_INFINITY": false,
    "primitives.number.NaN": false,
    "primitives.number.POSITIVE_INFINITY": false,
    "primitives.string": false,
    "primitives.string.empty": false,
    "primitives.symbol": false,
    "primitives.undefined": false,
  },
  "isAssigned": {
    "apiArray": true,
    "apiDate": true,
    "apiMath": true,
    "apiNumber": true,
    "apiObject": true,
    "apiString": true,
    "classFoobar": true,
    "functionArrow": true,
    "functionNormal": true,
    "instanceArray": true,
    "instanceAsync": true,
    "instanceDate": true,
    "instanceFoobar": true,
    "instanceMap": true,
    "instancePromise": true,
    "instanceSet": true,
    "object": true,
    "object.null": false,
    "primitives.bigint": true,
    "primitives.boolean.false": true,
    "primitives.boolean.true": true,
    "primitives.number": true,
    "primitives.number.NEGATIVE_INFINITY": true,
    "primitives.number.NaN": true,
    "primitives.number.POSITIVE_INFINITY": true,
    "primitives.string": true,
    "primitives.string.empty": true,
    "primitives.symbol": true,
    "primitives.undefined": false,
  },
  "isBigInt": {
    "apiArray": false,
    "apiDate": false,
    "apiMath": false,
    "apiNumber": false,
    "apiObject": false,
    "apiString": false,
    "classFoobar": false,
    "functionArrow": false,
    "functionNormal": false,
    "instanceArray": false,
    "instanceAsync": false,
    "instanceDate": false,
    "instanceFoobar": false,
    "instanceMap": false,
    "instancePromise": false,
    "instanceSet": false,
    "object": false,
    "object.null": false,
    "primitives.bigint": true,
    "primitives.boolean.false": false,
    "primitives.boolean.true": false,
    "primitives.number": false,
    "primitives.number.NEGATIVE_INFINITY": false,
    "primitives.number.NaN": false,
    "primitives.number.POSITIVE_INFINITY": false,
    "primitives.string": false,
    "primitives.string.empty": false,
    "primitives.symbol": false,
    "primitives.undefined": false,
  },
  "isBoolean": {
    "apiArray": false,
    "apiDate": false,
    "apiMath": false,
    "apiNumber": false,
    "apiObject": false,
    "apiString": false,
    "classFoobar": false,
    "functionArrow": false,
    "functionNormal": false,
    "instanceArray": false,
    "instanceAsync": false,
    "instanceDate": false,
    "instanceFoobar": false,
    "instanceMap": false,
    "instancePromise": false,
    "instanceSet": false,
    "object": false,
    "object.null": false,
    "primitives.bigint": false,
    "primitives.boolean.false": true,
    "primitives.boolean.true": true,
    "primitives.number": false,
    "primitives.number.NEGATIVE_INFINITY": false,
    "primitives.number.NaN": false,
    "primitives.number.POSITIVE_INFINITY": false,
    "primitives.string": false,
    "primitives.string.empty": false,
    "primitives.symbol": false,
    "primitives.undefined": false,
  },
  "isDate": {
    "apiArray": false,
    "apiDate": false,
    "apiMath": false,
    "apiNumber": false,
    "apiObject": false,
    "apiString": false,
    "classFoobar": false,
    "functionArrow": false,
    "functionNormal": false,
    "instanceArray": false,
    "instanceAsync": false,
    "instanceDate": true,
    "instanceFoobar": false,
    "instanceMap": false,
    "instancePromise": false,
    "instanceSet": false,
    "object": false,
    "object.null": false,
    "primitives.bigint": false,
    "primitives.boolean.false": false,
    "primitives.boolean.true": false,
    "primitives.number": false,
    "primitives.number.NEGATIVE_INFINITY": false,
    "primitives.number.NaN": false,
    "primitives.number.POSITIVE_INFINITY": false,
    "primitives.string": false,
    "primitives.string.empty": false,
    "primitives.symbol": false,
    "primitives.undefined": false,
  },
  "isFunction": {
    "apiArray": true,
    "apiDate": true,
    "apiMath": false,
    "apiNumber": true,
    "apiObject": true,
    "apiString": true,
    "classFoobar": true,
    "functionArrow": true,
    "functionNormal": true,
    "instanceArray": false,
    "instanceAsync": false,
    "instanceDate": false,
    "instanceFoobar": false,
    "instanceMap": false,
    "instancePromise": false,
    "instanceSet": false,
    "object": false,
    "object.null": false,
    "primitives.bigint": false,
    "primitives.boolean.false": false,
    "primitives.boolean.true": false,
    "primitives.number": false,
    "primitives.number.NEGATIVE_INFINITY": false,
    "primitives.number.NaN": false,
    "primitives.number.POSITIVE_INFINITY": false,
    "primitives.string": false,
    "primitives.string.empty": false,
    "primitives.symbol": false,
    "primitives.undefined": false,
  },
  "isIterable": {
    "apiArray": false,
    "apiDate": false,
    "apiMath": false,
    "apiNumber": false,
    "apiObject": false,
    "apiString": false,
    "classFoobar": false,
    "functionArrow": false,
    "functionNormal": false,
    "instanceArray": true,
    "instanceAsync": false,
    "instanceDate": false,
    "instanceFoobar": true,
    "instanceMap": true,
    "instancePromise": false,
    "instanceSet": true,
    "object": false,
    "object.null": false,
    "primitives.bigint": false,
    "primitives.boolean.false": false,
    "primitives.boolean.true": false,
    "primitives.number": false,
    "primitives.number.NEGATIVE_INFINITY": false,
    "primitives.number.NaN": false,
    "primitives.number.POSITIVE_INFINITY": false,
    "primitives.string": false,
    "primitives.string.empty": false,
    "primitives.symbol": false,
    "primitives.undefined": false,
  },
  "isMap": {
    "apiArray": false,
    "apiDate": false,
    "apiMath": false,
    "apiNumber": false,
    "apiObject": false,
    "apiString": false,
    "classFoobar": false,
    "functionArrow": false,
    "functionNormal": false,
    "instanceArray": false,
    "instanceAsync": false,
    "instanceDate": false,
    "instanceFoobar": false,
    "instanceMap": true,
    "instancePromise": false,
    "instanceSet": false,
    "object": false,
    "object.null": false,
    "primitives.bigint": false,
    "primitives.boolean.false": false,
    "primitives.boolean.true": false,
    "primitives.number": false,
    "primitives.number.NEGATIVE_INFINITY": false,
    "primitives.number.NaN": false,
    "primitives.number.POSITIVE_INFINITY": false,
    "primitives.string": false,
    "primitives.string.empty": false,
    "primitives.symbol": false,
    "primitives.undefined": false,
  },
  "isNull": {
    "apiArray": false,
    "apiDate": false,
    "apiMath": false,
    "apiNumber": false,
    "apiObject": false,
    "apiString": false,
    "classFoobar": false,
    "functionArrow": false,
    "functionNormal": false,
    "instanceArray": false,
    "instanceAsync": false,
    "instanceDate": false,
    "instanceFoobar": false,
    "instanceMap": false,
    "instancePromise": false,
    "instanceSet": false,
    "object": false,
    "object.null": true,
    "primitives.bigint": false,
    "primitives.boolean.false": false,
    "primitives.boolean.true": false,
    "primitives.number": false,
    "primitives.number.NEGATIVE_INFINITY": false,
    "primitives.number.NaN": false,
    "primitives.number.POSITIVE_INFINITY": false,
    "primitives.string": false,
    "primitives.string.empty": false,
    "primitives.symbol": false,
    "primitives.undefined": false,
  },
  "isNullOrUndefined": {
    "apiArray": false,
    "apiDate": false,
    "apiMath": false,
    "apiNumber": false,
    "apiObject": false,
    "apiString": false,
    "classFoobar": false,
    "functionArrow": false,
    "functionNormal": false,
    "instanceArray": false,
    "instanceAsync": false,
    "instanceDate": false,
    "instanceFoobar": false,
    "instanceMap": false,
    "instancePromise": false,
    "instanceSet": false,
    "object": false,
    "object.null": true,
    "primitives.bigint": false,
    "primitives.boolean.false": false,
    "primitives.boolean.true": false,
    "primitives.number": false,
    "primitives.number.NEGATIVE_INFINITY": false,
    "primitives.number.NaN": false,
    "primitives.number.POSITIVE_INFINITY": false,
    "primitives.string": false,
    "primitives.string.empty": false,
    "primitives.symbol": false,
    "primitives.undefined": true,
  },
  "isNumber": {
    "apiArray": false,
    "apiDate": false,
    "apiMath": false,
    "apiNumber": false,
    "apiObject": false,
    "apiString": false,
    "classFoobar": false,
    "functionArrow": false,
    "functionNormal": false,
    "instanceArray": false,
    "instanceAsync": false,
    "instanceDate": false,
    "instanceFoobar": false,
    "instanceMap": false,
    "instancePromise": false,
    "instanceSet": false,
    "object": false,
    "object.null": false,
    "primitives.bigint": false,
    "primitives.boolean.false": false,
    "primitives.boolean.true": false,
    "primitives.number": true,
    "primitives.number.NEGATIVE_INFINITY": false,
    "primitives.number.NaN": false,
    "primitives.number.POSITIVE_INFINITY": false,
    "primitives.string": false,
    "primitives.string.empty": false,
    "primitives.symbol": false,
    "primitives.undefined": false,
  },
  "isObject": {
    "apiArray": false,
    "apiDate": false,
    "apiMath": true,
    "apiNumber": false,
    "apiObject": false,
    "apiString": false,
    "classFoobar": false,
    "functionArrow": false,
    "functionNormal": false,
    "instanceArray": true,
    "instanceAsync": true,
    "instanceDate": true,
    "instanceFoobar": true,
    "instanceMap": true,
    "instancePromise": true,
    "instanceSet": true,
    "object": true,
    "object.null": false,
    "primitives.bigint": false,
    "primitives.boolean.false": false,
    "primitives.boolean.true": false,
    "primitives.number": false,
    "primitives.number.NEGATIVE_INFINITY": false,
    "primitives.number.NaN": false,
    "primitives.number.POSITIVE_INFINITY": false,
    "primitives.string": false,
    "primitives.string.empty": false,
    "primitives.symbol": false,
    "primitives.undefined": false,
  },
  "isPlainObject": {
    "apiArray": false,
    "apiDate": false,
    "apiMath": false,
    "apiNumber": false,
    "apiObject": false,
    "apiString": false,
    "classFoobar": false,
    "functionArrow": false,
    "functionNormal": false,
    "instanceArray": false,
    "instanceAsync": false,
    "instanceDate": false,
    "instanceFoobar": false,
    "instanceMap": false,
    "instancePromise": false,
    "instanceSet": false,
    "object": true,
    "object.null": false,
    "primitives.bigint": false,
    "primitives.boolean.false": false,
    "primitives.boolean.true": false,
    "primitives.number": false,
    "primitives.number.NEGATIVE_INFINITY": false,
    "primitives.number.NaN": false,
    "primitives.number.POSITIVE_INFINITY": false,
    "primitives.string": false,
    "primitives.string.empty": false,
    "primitives.symbol": false,
    "primitives.undefined": false,
  },
  "isPrimitives": {
    "apiArray": false,
    "apiDate": false,
    "apiMath": false,
    "apiNumber": false,
    "apiObject": false,
    "apiString": false,
    "classFoobar": false,
    "functionArrow": false,
    "functionNormal": false,
    "instanceArray": false,
    "instanceAsync": false,
    "instanceDate": false,
    "instanceFoobar": false,
    "instanceMap": false,
    "instancePromise": false,
    "instanceSet": false,
    "object": false,
    "object.null": true,
    "primitives.bigint": true,
    "primitives.boolean.false": true,
    "primitives.boolean.true": true,
    "primitives.number": true,
    "primitives.number.NEGATIVE_INFINITY": false,
    "primitives.number.NaN": false,
    "primitives.number.POSITIVE_INFINITY": false,
    "primitives.string": true,
    "primitives.string.empty": true,
    "primitives.symbol": true,
    "primitives.undefined": true,
  },
  "isPromise": {
    "apiArray": false,
    "apiDate": false,
    "apiMath": false,
    "apiNumber": false,
    "apiObject": false,
    "apiString": false,
    "classFoobar": false,
    "functionArrow": false,
    "functionNormal": false,
    "instanceArray": false,
    "instanceAsync": true,
    "instanceDate": false,
    "instanceFoobar": false,
    "instanceMap": false,
    "instancePromise": true,
    "instanceSet": false,
    "object": false,
    "object.null": false,
    "primitives.bigint": false,
    "primitives.boolean.false": false,
    "primitives.boolean.true": false,
    "primitives.number": false,
    "primitives.number.NEGATIVE_INFINITY": false,
    "primitives.number.NaN": false,
    "primitives.number.POSITIVE_INFINITY": false,
    "primitives.string": false,
    "primitives.string.empty": false,
    "primitives.symbol": false,
    "primitives.undefined": false,
  },
  "isSet": {
    "apiArray": false,
    "apiDate": false,
    "apiMath": false,
    "apiNumber": false,
    "apiObject": false,
    "apiString": false,
    "classFoobar": false,
    "functionArrow": false,
    "functionNormal": false,
    "instanceArray": false,
    "instanceAsync": false,
    "instanceDate": false,
    "instanceFoobar": false,
    "instanceMap": false,
    "instancePromise": false,
    "instanceSet": true,
    "object": false,
    "object.null": false,
    "primitives.bigint": false,
    "primitives.boolean.false": false,
    "primitives.boolean.true": false,
    "primitives.number": false,
    "primitives.number.NEGATIVE_INFINITY": false,
    "primitives.number.NaN": false,
    "primitives.number.POSITIVE_INFINITY": false,
    "primitives.string": false,
    "primitives.string.empty": false,
    "primitives.symbol": false,
    "primitives.undefined": false,
  },
  "isString": {
    "apiArray": false,
    "apiDate": false,
    "apiMath": false,
    "apiNumber": false,
    "apiObject": false,
    "apiString": false,
    "classFoobar": false,
    "functionArrow": false,
    "functionNormal": false,
    "instanceArray": false,
    "instanceAsync": false,
    "instanceDate": false,
    "instanceFoobar": false,
    "instanceMap": false,
    "instancePromise": false,
    "instanceSet": false,
    "object": false,
    "object.null": false,
    "primitives.bigint": false,
    "primitives.boolean.false": false,
    "primitives.boolean.true": false,
    "primitives.number": false,
    "primitives.number.NEGATIVE_INFINITY": false,
    "primitives.number.NaN": false,
    "primitives.number.POSITIVE_INFINITY": false,
    "primitives.string": true,
    "primitives.string.empty": true,
    "primitives.symbol": false,
    "primitives.undefined": false,
  },
  "isSymbol": {
    "apiArray": false,
    "apiDate": false,
    "apiMath": false,
    "apiNumber": false,
    "apiObject": false,
    "apiString": false,
    "classFoobar": false,
    "functionArrow": false,
    "functionNormal": false,
    "instanceArray": false,
    "instanceAsync": false,
    "instanceDate": false,
    "instanceFoobar": false,
    "instanceMap": false,
    "instancePromise": false,
    "instanceSet": false,
    "object": false,
    "object.null": false,
    "primitives.bigint": false,
    "primitives.boolean.false": false,
    "primitives.boolean.true": false,
    "primitives.number": false,
    "primitives.number.NEGATIVE_INFINITY": false,
    "primitives.number.NaN": false,
    "primitives.number.POSITIVE_INFINITY": false,
    "primitives.string": false,
    "primitives.string.empty": false,
    "primitives.symbol": true,
    "primitives.undefined": false,
  },
  "isUndefined": {
    "apiArray": false,
    "apiDate": false,
    "apiMath": false,
    "apiNumber": false,
    "apiObject": false,
    "apiString": false,
    "classFoobar": false,
    "functionArrow": false,
    "functionNormal": false,
    "instanceArray": false,
    "instanceAsync": false,
    "instanceDate": false,
    "instanceFoobar": false,
    "instanceMap": false,
    "instancePromise": false,
    "instanceSet": false,
    "object": false,
    "object.null": false,
    "primitives.bigint": false,
    "primitives.boolean.false": false,
    "primitives.boolean.true": false,
    "primitives.number": false,
    "primitives.number.NEGATIVE_INFINITY": false,
    "primitives.number.NaN": false,
    "primitives.number.POSITIVE_INFINITY": false,
    "primitives.string": false,
    "primitives.string.empty": false,
    "primitives.symbol": false,
    "primitives.undefined": true,
  },
  "toRawType": {
    "apiArray": "Function",
    "apiDate": "Function",
    "apiMath": "Math",
    "apiNumber": "Function",
    "apiObject": "Function",
    "apiString": "Function",
    "classFoobar": "Function",
    "functionArrow": "Function",
    "functionNormal": "Function",
    "instanceArray": "Array",
    "instanceAsync": "Promise",
    "instanceDate": "Date",
    "instanceFoobar": "Foobar",
    "instanceMap": "Map",
    "instancePromise": "Promise",
    "instanceSet": "Set",
    "object": "Object",
    "object.null": "Null",
    "primitives.bigint": "BigInt",
    "primitives.boolean.false": "Boolean",
    "primitives.boolean.true": "Boolean",
    "primitives.number": "Number",
    "primitives.number.NEGATIVE_INFINITY": "Number",
    "primitives.number.NaN": "Number",
    "primitives.number.POSITIVE_INFINITY": "Number",
    "primitives.string": "String",
    "primitives.string.empty": "String",
    "primitives.symbol": "Symbol",
    "primitives.undefined": "Undefined",
  },
  "toTypeString": {
    "apiArray": "[object Function]",
    "apiDate": "[object Function]",
    "apiMath": "[object Math]",
    "apiNumber": "[object Function]",
    "apiObject": "[object Function]",
    "apiString": "[object Function]",
    "classFoobar": "[object Function]",
    "functionArrow": "[object Function]",
    "functionNormal": "[object Function]",
    "instanceArray": "[object Array]",
    "instanceAsync": "[object Promise]",
    "instanceDate": "[object Date]",
    "instanceFoobar": "[object Foobar]",
    "instanceMap": "[object Map]",
    "instancePromise": "[object Promise]",
    "instanceSet": "[object Set]",
    "object": "[object Object]",
    "object.null": "[object Null]",
    "primitives.bigint": "[object BigInt]",
    "primitives.boolean.false": "[object Boolean]",
    "primitives.boolean.true": "[object Boolean]",
    "primitives.number": "[object Number]",
    "primitives.number.NEGATIVE_INFINITY": "[object Number]",
    "primitives.number.NaN": "[object Number]",
    "primitives.number.POSITIVE_INFINITY": "[object Number]",
    "primitives.string": "[object String]",
    "primitives.string.empty": "[object String]",
    "primitives.symbol": "[object Symbol]",
    "primitives.undefined": "[object Undefined]",
  },
}