// Jest Snapshot v1, https://goo.gl/fbAQLP

exports[`type check simple type predicates 1`] = `
{
  "NEGATIVE_INFINITY": {
    "isArray": false,
    "isAssigned": true,
    "isBigInt": false,
    "isBoolean": false,
    "isDate": false,
    "isFunction": false,
    "isIterable": false,
    "isMap": false,
    "isNull": false,
    "isNullOrUndefined": false,
    "isNumber": false,
    "isObject": false,
    "isPlainObject": false,
    "isPrimitives": false,
    "isPromise": false,
    "isSet": false,
    "isString": false,
    "isSymbol": false,
    "isUndefined": false,
    "toRawType": "Number",
    "toTypeString": "[object Number]",
  },
  "NaN": {
    "isArray": false,
    "isAssigned": true,
    "isBigInt": false,
    "isBoolean": false,
    "isDate": false,
    "isFunction": false,
    "isIterable": false,
    "isMap": false,
    "isNull": false,
    "isNullOrUndefined": false,
    "isNumber": false,
    "isObject": false,
    "isPlainObject": false,
    "isPrimitives": false,
    "isPromise": false,
    "isSet": false,
    "isString": false,
    "isSymbol": false,
    "isUndefined": false,
    "toRawType": "Number",
    "toTypeString": "[object Number]",
  },
  "POSITIVE_INFINITY": {
    "isArray": false,
    "isAssigned": true,
    "isBigInt": false,
    "isBoolean": false,
    "isDate": false,
    "isFunction": false,
    "isIterable": false,
    "isMap": false,
    "isNull": false,
    "isNullOrUndefined": false,
    "isNumber": false,
    "isObject": false,
    "isPlainObject": false,
    "isPrimitives": false,
    "isPromise": false,
    "isSet": false,
    "isString": false,
    "isSymbol": false,
    "isUndefined": false,
    "toRawType": "Number",
    "toTypeString": "[object Number]",
  },
  "apiArray": {
    "isArray": false,
    "isAssigned": true,
    "isBigInt": false,
    "isBoolean": false,
    "isDate": false,
    "isFunction": true,
    "isIterable": false,
    "isMap": false,
    "isNull": false,
    "isNullOrUndefined": false,
    "isNumber": false,
    "isObject": false,
    "isPlainObject": false,
    "isPrimitives": false,
    "isPromise": false,
    "isSet": false,
    "isString": false,
    "isSymbol": false,
    "isUndefined": false,
    "toRawType": "Function",
    "toTypeString": "[object Function]",
  },
  "apiDate": {
    "isArray": false,
    "isAssigned": true,
    "isBigInt": false,
    "isBoolean": false,
    "isDate": false,
    "isFunction": true,
    "isIterable": false,
    "isMap": false,
    "isNull": false,
    "isNullOrUndefined": false,
    "isNumber": false,
    "isObject": false,
    "isPlainObject": false,
    "isPrimitives": false,
    "isPromise": false,
    "isSet": false,
    "isString": false,
    "isSymbol": false,
    "isUndefined": false,
    "toRawType": "Function",
    "toTypeString": "[object Function]",
  },
  "apiMath": {
    "isArray": false,
    "isAssigned": true,
    "isBigInt": false,
    "isBoolean": false,
    "isDate": false,
    "isFunction": false,
    "isIterable": false,
    "isMap": false,
    "isNull": false,
    "isNullOrUndefined": false,
    "isNumber": false,
    "isObject": true,
    "isPlainObject": false,
    "isPrimitives": false,
    "isPromise": false,
    "isSet": false,
    "isString": false,
    "isSymbol": false,
    "isUndefined": false,
    "toRawType": "Math",
    "toTypeString": "[object Math]",
  },
  "apiNumber": {
    "isArray": false,
    "isAssigned": true,
    "isBigInt": false,
    "isBoolean": false,
    "isDate": false,
    "isFunction": true,
    "isIterable": false,
    "isMap": false,
    "isNull": false,
    "isNullOrUndefined": false,
    "isNumber": false,
    "isObject": false,
    "isPlainObject": false,
    "isPrimitives": false,
    "isPromise": false,
    "isSet": false,
    "isString": false,
    "isSymbol": false,
    "isUndefined": false,
    "toRawType": "Function",
    "toTypeString": "[object Function]",
  },
  "apiObject": {
    "isArray": false,
    "isAssigned": true,
    "isBigInt": false,
    "isBoolean": false,
    "isDate": false,
    "isFunction": true,
    "isIterable": false,
    "isMap": false,
    "isNull": false,
    "isNullOrUndefined": false,
    "isNumber": false,
    "isObject": false,
    "isPlainObject": false,
    "isPrimitives": false,
    "isPromise": false,
    "isSet": false,
    "isString": false,
    "isSymbol": false,
    "isUndefined": false,
    "toRawType": "Function",
    "toTypeString": "[object Function]",
  },
  "apiString": {
    "isArray": false,
    "isAssigned": true,
    "isBigInt": false,
    "isBoolean": false,
    "isDate": false,
    "isFunction": true,
    "isIterable": false,
    "isMap": false,
    "isNull": false,
    "isNullOrUndefined": false,
    "isNumber": false,
    "isObject": false,
    "isPlainObject": false,
    "isPrimitives": false,
    "isPromise": false,
    "isSet": false,
    "isString": false,
    "isSymbol": false,
    "isUndefined": false,
    "toRawType": "Function",
    "toTypeString": "[object Function]",
  },
  "arrowFunction": {
    "isArray": false,
    "isAssigned": true,
    "isBigInt": false,
    "isBoolean": false,
    "isDate": false,
    "isFunction": true,
    "isIterable": false,
    "isMap": false,
    "isNull": false,
    "isNullOrUndefined": false,
    "isNumber": false,
    "isObject": false,
    "isPlainObject": false,
    "isPrimitives": false,
    "isPromise": false,
    "isSet": false,
    "isString": false,
    "isSymbol": false,
    "isUndefined": false,
    "toRawType": "Function",
    "toTypeString": "[object Function]",
  },
  "bigint": {
    "isArray": false,
    "isAssigned": true,
    "isBigInt": true,
    "isBoolean": false,
    "isDate": false,
    "isFunction": false,
    "isIterable": false,
    "isMap": false,
    "isNull": false,
    "isNullOrUndefined": false,
    "isNumber": false,
    "isObject": false,
    "isPlainObject": false,
    "isPrimitives": true,
    "isPromise": false,
    "isSet": false,
    "isString": false,
    "isSymbol": false,
    "isUndefined": false,
    "toRawType": "BigInt",
    "toTypeString": "[object BigInt]",
  },
  "booleanFalse": {
    "isArray": false,
    "isAssigned": true,
    "isBigInt": false,
    "isBoolean": true,
    "isDate": false,
    "isFunction": false,
    "isIterable": false,
    "isMap": false,
    "isNull": false,
    "isNullOrUndefined": false,
    "isNumber": false,
    "isObject": false,
    "isPlainObject": false,
    "isPrimitives": true,
    "isPromise": false,
    "isSet": false,
    "isString": false,
    "isSymbol": false,
    "isUndefined": false,
    "toRawType": "Boolean",
    "toTypeString": "[object Boolean]",
  },
  "booleanTrue": {
    "isArray": false,
    "isAssigned": true,
    "isBigInt": false,
    "isBoolean": true,
    "isDate": false,
    "isFunction": false,
    "isIterable": false,
    "isMap": false,
    "isNull": false,
    "isNullOrUndefined": false,
    "isNumber": false,
    "isObject": false,
    "isPlainObject": false,
    "isPrimitives": true,
    "isPromise": false,
    "isSet": false,
    "isString": false,
    "isSymbol": false,
    "isUndefined": false,
    "toRawType": "Boolean",
    "toTypeString": "[object Boolean]",
  },
  "classFoobar": {
    "isArray": false,
    "isAssigned": true,
    "isBigInt": false,
    "isBoolean": false,
    "isDate": false,
    "isFunction": true,
    "isIterable": false,
    "isMap": false,
    "isNull": false,
    "isNullOrUndefined": false,
    "isNumber": false,
    "isObject": false,
    "isPlainObject": false,
    "isPrimitives": false,
    "isPromise": false,
    "isSet": false,
    "isString": false,
    "isSymbol": false,
    "isUndefined": false,
    "toRawType": "Function",
    "toTypeString": "[object Function]",
  },
  "instanceArray": {
    "isArray": true,
    "isAssigned": true,
    "isBigInt": false,
    "isBoolean": false,
    "isDate": false,
    "isFunction": false,
    "isIterable": true,
    "isMap": false,
    "isNull": false,
    "isNullOrUndefined": false,
    "isNumber": false,
    "isObject": true,
    "isPlainObject": false,
    "isPrimitives": false,
    "isPromise": false,
    "isSet": false,
    "isString": false,
    "isSymbol": false,
    "isUndefined": false,
    "toRawType": "Array",
    "toTypeString": "[object Array]",
  },
  "instanceAsync": {
    "isArray": false,
    "isAssigned": true,
    "isBigInt": false,
    "isBoolean": false,
    "isDate": false,
    "isFunction": false,
    "isIterable": false,
    "isMap": false,
    "isNull": false,
    "isNullOrUndefined": false,
    "isNumber": false,
    "isObject": true,
    "isPlainObject": false,
    "isPrimitives": false,
    "isPromise": true,
    "isSet": false,
    "isString": false,
    "isSymbol": false,
    "isUndefined": false,
    "toRawType": "Promise",
    "toTypeString": "[object Promise]",
  },
  "instanceDate": {
    "isArray": false,
    "isAssigned": true,
    "isBigInt": false,
    "isBoolean": false,
    "isDate": true,
    "isFunction": false,
    "isIterable": false,
    "isMap": false,
    "isNull": false,
    "isNullOrUndefined": false,
    "isNumber": false,
    "isObject": true,
    "isPlainObject": false,
    "isPrimitives": false,
    "isPromise": false,
    "isSet": false,
    "isString": false,
    "isSymbol": false,
    "isUndefined": false,
    "toRawType": "Date",
    "toTypeString": "[object Date]",
  },
  "instanceFoobar": {
    "isArray": false,
    "isAssigned": true,
    "isBigInt": false,
    "isBoolean": false,
    "isDate": false,
    "isFunction": false,
    "isIterable": true,
    "isMap": false,
    "isNull": false,
    "isNullOrUndefined": false,
    "isNumber": false,
    "isObject": true,
    "isPlainObject": false,
    "isPrimitives": false,
    "isPromise": false,
    "isSet": false,
    "isString": false,
    "isSymbol": false,
    "isUndefined": false,
    "toRawType": "Foobar",
    "toTypeString": "[object Foobar]",
  },
  "instanceMap": {
    "isArray": false,
    "isAssigned": true,
    "isBigInt": false,
    "isBoolean": false,
    "isDate": false,
    "isFunction": false,
    "isIterable": true,
    "isMap": true,
    "isNull": false,
    "isNullOrUndefined": false,
    "isNumber": false,
    "isObject": true,
    "isPlainObject": false,
    "isPrimitives": false,
    "isPromise": false,
    "isSet": false,
    "isString": false,
    "isSymbol": false,
    "isUndefined": false,
    "toRawType": "Map",
    "toTypeString": "[object Map]",
  },
  "instancePromise": {
    "isArray": false,
    "isAssigned": true,
    "isBigInt": false,
    "isBoolean": false,
    "isDate": false,
    "isFunction": false,
    "isIterable": false,
    "isMap": false,
    "isNull": false,
    "isNullOrUndefined": false,
    "isNumber": false,
    "isObject": true,
    "isPlainObject": false,
    "isPrimitives": false,
    "isPromise": true,
    "isSet": false,
    "isString": false,
    "isSymbol": false,
    "isUndefined": false,
    "toRawType": "Promise",
    "toTypeString": "[object Promise]",
  },
  "instanceSet": {
    "isArray": false,
    "isAssigned": true,
    "isBigInt": false,
    "isBoolean": false,
    "isDate": false,
    "isFunction": false,
    "isIterable": true,
    "isMap": false,
    "isNull": false,
    "isNullOrUndefined": false,
    "isNumber": false,
    "isObject": true,
    "isPlainObject": false,
    "isPrimitives": false,
    "isPromise": false,
    "isSet": true,
    "isString": false,
    "isSymbol": false,
    "isUndefined": false,
    "toRawType": "Set",
    "toTypeString": "[object Set]",
  },
  "normalFunction": {
    "isArray": false,
    "isAssigned": true,
    "isBigInt": false,
    "isBoolean": false,
    "isDate": false,
    "isFunction": true,
    "isIterable": false,
    "isMap": false,
    "isNull": false,
    "isNullOrUndefined": false,
    "isNumber": false,
    "isObject": false,
    "isPlainObject": false,
    "isPrimitives": false,
    "isPromise": false,
    "isSet": false,
    "isString": false,
    "isSymbol": false,
    "isUndefined": false,
    "toRawType": "Function",
    "toTypeString": "[object Function]",
  },
  "null": {
    "isArray": false,
    "isAssigned": false,
    "isBigInt": false,
    "isBoolean": false,
    "isDate": false,
    "isFunction": false,
    "isIterable": false,
    "isMap": false,
    "isNull": true,
    "isNullOrUndefined": true,
    "isNumber": false,
    "isObject": false,
    "isPlainObject": false,
    "isPrimitives": true,
    "isPromise": false,
    "isSet": false,
    "isString": false,
    "isSymbol": false,
    "isUndefined": false,
    "toRawType": "Null",
    "toTypeString": "[object Null]",
  },
  "number": {
    "isArray": false,
    "isAssigned": true,
    "isBigInt": false,
    "isBoolean": false,
    "isDate": false,
    "isFunction": false,
    "isIterable": false,
    "isMap": false,
    "isNull": false,
    "isNullOrUndefined": false,
    "isNumber": true,
    "isObject": false,
    "isPlainObject": false,
    "isPrimitives": true,
    "isPromise": false,
    "isSet": false,
    "isString": false,
    "isSymbol": false,
    "isUndefined": false,
    "toRawType": "Number",
    "toTypeString": "[object Number]",
  },
  "object": {
    "isArray": false,
    "isAssigned": true,
    "isBigInt": false,
    "isBoolean": false,
    "isDate": false,
    "isFunction": false,
    "isIterable": false,
    "isMap": false,
    "isNull": false,
    "isNullOrUndefined": false,
    "isNumber": false,
    "isObject": true,
    "isPlainObject": true,
    "isPrimitives": false,
    "isPromise": false,
    "isSet": false,
    "isString": false,
    "isSymbol": false,
    "isUndefined": false,
    "toRawType": "Object",
    "toTypeString": "[object Object]",
  },
  "string": {
    "isArray": false,
    "isAssigned": true,
    "isBigInt": false,
    "isBoolean": false,
    "isDate": false,
    "isFunction": false,
    "isIterable": false,
    "isMap": false,
    "isNull": false,
    "isNullOrUndefined": false,
    "isNumber": false,
    "isObject": false,
    "isPlainObject": false,
    "isPrimitives": true,
    "isPromise": false,
    "isSet": false,
    "isString": true,
    "isSymbol": false,
    "isUndefined": false,
    "toRawType": "String",
    "toTypeString": "[object String]",
  },
  "stringEmpty": {
    "isArray": false,
    "isAssigned": true,
    "isBigInt": false,
    "isBoolean": false,
    "isDate": false,
    "isFunction": false,
    "isIterable": false,
    "isMap": false,
    "isNull": false,
    "isNullOrUndefined": false,
    "isNumber": false,
    "isObject": false,
    "isPlainObject": false,
    "isPrimitives": true,
    "isPromise": false,
    "isSet": false,
    "isString": true,
    "isSymbol": false,
    "isUndefined": false,
    "toRawType": "String",
    "toTypeString": "[object String]",
  },
  "symbol": {
    "isArray": false,
    "isAssigned": true,
    "isBigInt": false,
    "isBoolean": false,
    "isDate": false,
    "isFunction": false,
    "isIterable": false,
    "isMap": false,
    "isNull": false,
    "isNullOrUndefined": false,
    "isNumber": false,
    "isObject": false,
    "isPlainObject": false,
    "isPrimitives": true,
    "isPromise": false,
    "isSet": false,
    "isString": false,
    "isSymbol": true,
    "isUndefined": false,
    "toRawType": "Symbol",
    "toTypeString": "[object Symbol]",
  },
  "undefined": {
    "isArray": false,
    "isAssigned": false,
    "isBigInt": false,
    "isBoolean": false,
    "isDate": false,
    "isFunction": false,
    "isIterable": false,
    "isMap": false,
    "isNull": false,
    "isNullOrUndefined": true,
    "isNumber": false,
    "isObject": false,
    "isPlainObject": false,
    "isPrimitives": true,
    "isPromise": false,
    "isSet": false,
    "isString": false,
    "isSymbol": false,
    "isUndefined": true,
    "toRawType": "Undefined",
    "toTypeString": "[object Undefined]",
  },
}
`;
